🚀 Bosser Plugin Commander running on http://localhost:3001
📊 View logs at: http://localhost:3001/logs
🏠 Homepage at: http://localhost:3001/
📄 Latest article: http://localhost:3001/latest-article
🎬 Cover video: http://localhost:3001/covers/mechanical-duck-cover.webm

🔗 LinkedIn Publishing Endpoints:
   📝 Create plan: POST /publish-to-linkedin
   ⚡ Execute step: POST /execute-publishing-step
   🎥 Upload video: POST /upload-cover-video
   ✅ Mark published: POST /mark-article-published

📡 Extension will send logs to: http://localhost:3001/bosser-logs

⏳ Waiting for plugin commands...
📝 Found 2 explicit draft(s): Checking Assumptions: Knowing more over being right, The mechanical duck and processes
📄 Served unpublished article: Checking Assumptions: Knowing more over being right (Article marked as ready for review)
📝 Found 2 explicit draft(s): Checking Assumptions: Knowing more over being right, The mechanical duck and processes
📄 Served unpublished article: Checking Assumptions: Knowing more over being right (Article marked as ready for review)
[36m[8:58:19 PM] INFO    [0m Loading latest draft from Bosser project
  🌐 URL: /popup.html

[36m[8:58:19 PM] INFO    [0m Status: Loading latest article from Bosser server...
  📊 Data: { type: 'info' }
  🌐 URL: /popup.html

[36m[8:58:19 PM] INFO    [0m Status: Latest article loaded successfully!
  📊 Data: { type: 'success' }
  🌐 URL: /popup.html

[32m[8:58:19 PM] SUCCESS [0m Article loaded from server
  📊 Data: {
  title: 'Checking Assumptions: Knowing more over being right',
  contentLength: 5022,
  tags: [ 'leadership', 'assumptions', 'communication', 'strategy' ],
  slug: 'checking-assumptions',
  hasCover: true
}
  🌐 URL: /popup.html

✅ Marking article as published: checking-assumptions
✅ Article marked as published: Checking Assumptions: Knowing more over being right
📝 Found 1 explicit draft(s): The mechanical duck and processes
📄 Served unpublished article: The mechanical duck and processes (Article marked as ready for review)
[36m[8:59:34 PM] INFO    [0m Logger initialized
  📊 Data: { sessionId: 'bosser-mfu0588v-0dkfxvxm9' }
  🌐 URL: /popup.html

[36m[8:59:34 PM] INFO    [0m Popup initializing
  📊 Data: { timestamp: '2025-09-21T17:59:34.400Z' }
  🌐 URL: /popup.html

[36m[8:59:34 PM] INFO    [0m Version info updated
  📊 Data: { pluginVersion: '2.0.0', codeVersion: '3.0.0' }
  🌐 URL: /popup.html

[32m[8:59:34 PM] SUCCESS [0m Popup initialized successfully
  📊 Data: { pageType: 'profile_articles', scrapedCount: 2 }
  🌐 URL: /popup.html

📝 Found 1 explicit draft(s): The mechanical duck and processes
📄 Served unpublished article: The mechanical duck and processes (Article marked as ready for review)
[36m[8:59:45 PM] INFO    [0m Logger initialized
  📊 Data: { sessionId: 'bosser-mfu05gjl-ibkm0jnpv' }
  🌐 URL: /popup.html

[36m[8:59:45 PM] INFO    [0m Popup initializing
  📊 Data: { timestamp: '2025-09-21T17:59:45.154Z' }
  🌐 URL: /popup.html

[36m[8:59:45 PM] INFO    [0m Version info updated
  📊 Data: { pluginVersion: '2.0.0', codeVersion: '3.0.0' }
  🌐 URL: /popup.html

[32m[8:59:45 PM] SUCCESS [0m Popup initialized successfully
  📊 Data: { pageType: 'linkedin_other', scrapedCount: 2 }
  🌐 URL: /popup.html

[36m[8:59:46 PM] INFO    [0m Loading latest draft from Bosser project
  🌐 URL: /popup.html

[36m[8:59:46 PM] INFO    [0m Status: Loading latest article from Bosser server...
  📊 Data: { type: 'info' }
  🌐 URL: /popup.html

[36m[8:59:46 PM] INFO    [0m Status: Latest article loaded successfully!
  📊 Data: { type: 'success' }
  🌐 URL: /popup.html

[32m[8:59:46 PM] SUCCESS [0m Article loaded from server
  📊 Data: {
  title: 'The mechanical duck and processes',
  contentLength: 4505,
  tags: [ 'processes', 'management', 'efficiency', 'automation' ],
  slug: 'the-mechanical-duck-and-processes',
  hasCover: true
}
  🌐 URL: /popup.html

[36m[9:00:59 PM] INFO    [0m Logger initialized
  📊 Data: { sessionId: 'bosser-mfu071sv-pb8okofdb' }
  🌐 URL: /popup.html

[36m[9:00:59 PM] INFO    [0m Popup initializing
  📊 Data: { timestamp: '2025-09-21T18:00:59.360Z' }
  🌐 URL: /popup.html

[36m[9:00:59 PM] INFO    [0m Version info updated
  📊 Data: { pluginVersion: '2.0.1', codeVersion: '3.0.0' }
  🌐 URL: /popup.html

[32m[9:00:59 PM] SUCCESS [0m Popup initialized successfully
  📊 Data: { pageType: 'linkedin_other', scrapedCount: 2 }
  🌐 URL: /popup.html

📝 Found 1 explicit draft(s): The mechanical duck and processes
📄 Served unpublished article: The mechanical duck and processes (Article marked as ready for review)
[36m[9:01:01 PM] INFO    [0m Loading latest draft from Bosser project
  🌐 URL: /popup.html

[36m[9:01:01 PM] INFO    [0m Status: Loading latest article from Bosser server...
  📊 Data: { type: 'info' }
  🌐 URL: /popup.html

[36m[9:01:01 PM] INFO    [0m Status: Latest article loaded successfully!
  📊 Data: { type: 'success' }
  🌐 URL: /popup.html

[32m[9:01:01 PM] SUCCESS [0m Article loaded from server
  📊 Data: {
  title: 'The mechanical duck and processes',
  contentLength: 4505,
  tags: [ 'processes', 'management', 'efficiency', 'automation' ],
  slug: 'the-mechanical-duck-and-processes',
  hasCover: true
}
  🌐 URL: /popup.html

🚀 Starting LinkedIn publishing for: the-mechanical-duck-and-processes
🔧 Executing publishing step: navigate_to_editor
[36m[9:01:04 PM] INFO    [0m Starting LinkedIn publishing workflow
  🌐 URL: /popup.html

[36m[9:01:04 PM] INFO    [0m Status: Creating publishing plan...
  📊 Data: { type: 'info' }
  🌐 URL: /popup.html

[36m[9:01:04 PM] INFO    [0m Status: Publishing plan created with 4 steps. Starting...
  📊 Data: { type: 'success' }
  🌐 URL: /popup.html

[32m[9:01:04 PM] SUCCESS [0m Publishing plan created
  📊 Data: { article: 'The mechanical duck and processes', steps: 4 }
  🌐 URL: /popup.html

[36m[9:01:04 PM] INFO    [0m Executing step 1: Navigate to LinkedIn article editor
  🌐 URL: /popup.html

[36m[9:01:04 PM] INFO    [0m Status: Step 1/4: Navigate to LinkedIn article editor
  📊 Data: { type: 'info' }
  🌐 URL: /popup.html

[31m[9:01:04 PM] ERROR   [0m Error executing step navigate_to_editor
  📊 Data: {
  error: {
    name: 'Error',
    message: 'Could not establish connection. Receiving end does not exist.',
    stack: 'Error: Could not establish connection. Receiving end does not exist.'
  }
}
  🚨 Error: Could not establish connection. Receiving end does not exist.
  📍 Stack: Error: Could not establish connection. Receiving end does not exist.
  🌐 URL: /popup.html

[36m[9:01:04 PM] INFO    [0m Status: ❌ Step failed: Could not establish connection. Receiving end does not exist.
  📊 Data: { type: 'error' }
  🌐 URL: /popup.html

📝 Found 1 explicit draft(s): The mechanical duck and processes
📄 Served unpublished article: The mechanical duck and processes (Article marked as ready for review)
[36m[9:03:00 PM] INFO    [0m Logger initialized
  📊 Data: { sessionId: 'bosser-mfu09n4b-mz2hhxhxj' }
  🌐 URL: /popup.html

[36m[9:03:00 PM] INFO    [0m Popup initializing
  📊 Data: { timestamp: '2025-09-21T18:03:00.300Z' }
  🌐 URL: /popup.html

[36m[9:03:00 PM] INFO    [0m Version info updated
  📊 Data: { pluginVersion: '2.0.1', codeVersion: '3.0.0' }
  🌐 URL: /popup.html

[32m[9:03:00 PM] SUCCESS [0m Popup initialized successfully
  📊 Data: { pageType: 'linkedin_other', scrapedCount: 2 }
  🌐 URL: /popup.html

[36m[9:03:01 PM] INFO    [0m Loading latest draft from Bosser project
  🌐 URL: /popup.html

[36m[9:03:01 PM] INFO    [0m Status: Loading latest article from Bosser server...
  📊 Data: { type: 'info' }
  🌐 URL: /popup.html

[36m[9:03:01 PM] INFO    [0m Status: Latest article loaded successfully!
  📊 Data: { type: 'success' }
  🌐 URL: /popup.html

[32m[9:03:01 PM] SUCCESS [0m Article loaded from server
  📊 Data: {
  title: 'The mechanical duck and processes',
  contentLength: 4505,
  tags: [ 'processes', 'management', 'efficiency', 'automation' ],
  slug: 'the-mechanical-duck-and-processes',
  hasCover: true
}
  🌐 URL: /popup.html

🚀 Starting LinkedIn publishing for: the-mechanical-duck-and-processes
🔧 Executing publishing step: navigate_to_editor
[36m[9:03:04 PM] INFO    [0m Starting LinkedIn publishing workflow
  🌐 URL: /popup.html

[36m[9:03:04 PM] INFO    [0m Status: Creating publishing plan...
  📊 Data: { type: 'info' }
  🌐 URL: /popup.html

[36m[9:03:04 PM] INFO    [0m Status: Publishing plan created with 4 steps. Starting...
  📊 Data: { type: 'success' }
  🌐 URL: /popup.html

[32m[9:03:04 PM] SUCCESS [0m Publishing plan created
  📊 Data: { article: 'The mechanical duck and processes', steps: 4 }
  🌐 URL: /popup.html

[36m[9:03:04 PM] INFO    [0m Executing step 1: Navigate to LinkedIn article editor
  🌐 URL: /popup.html

[36m[9:03:04 PM] INFO    [0m Status: Step 1/4: Navigate to LinkedIn article editor
  📊 Data: { type: 'info' }
  🌐 URL: /popup.html

[31m[9:03:04 PM] ERROR   [0m Error executing step navigate_to_editor
  📊 Data: {
  error: {
    name: 'Error',
    message: 'Could not establish connection. Receiving end does not exist.',
    stack: 'Error: Could not establish connection. Receiving end does not exist.'
  }
}
  🚨 Error: Could not establish connection. Receiving end does not exist.
  📍 Stack: Error: Could not establish connection. Receiving end does not exist.
  🌐 URL: /popup.html

[36m[9:03:04 PM] INFO    [0m Status: ❌ Step failed: Could not establish connection. Receiving end does not exist.
  📊 Data: { type: 'error' }
  🌐 URL: /popup.html

🚀 Starting LinkedIn publishing for: the-mechanical-duck-and-processes
🔧 Executing publishing step: navigate_to_editor
[36m[9:03:10 PM] INFO    [0m Starting LinkedIn publishing workflow
  🌐 URL: /popup.html

[36m[9:03:10 PM] INFO    [0m Status: Creating publishing plan...
  📊 Data: { type: 'info' }
  🌐 URL: /popup.html

[36m[9:03:10 PM] INFO    [0m Status: Publishing plan created with 4 steps. Starting...
  📊 Data: { type: 'success' }
  🌐 URL: /popup.html

[32m[9:03:10 PM] SUCCESS [0m Publishing plan created
  📊 Data: { article: 'The mechanical duck and processes', steps: 4 }
  🌐 URL: /popup.html

[36m[9:03:10 PM] INFO    [0m Executing step 1: Navigate to LinkedIn article editor
  🌐 URL: /popup.html

[36m[9:03:10 PM] INFO    [0m Status: Step 1/4: Navigate to LinkedIn article editor
  📊 Data: { type: 'info' }
  🌐 URL: /popup.html

[31m[9:03:10 PM] ERROR   [0m Error executing step navigate_to_editor
  📊 Data: {
  error: {
    name: 'Error',
    message: 'Could not establish connection. Receiving end does not exist.',
    stack: 'Error: Could not establish connection. Receiving end does not exist.'
  }
}
  🚨 Error: Could not establish connection. Receiving end does not exist.
  📍 Stack: Error: Could not establish connection. Receiving end does not exist.
  🌐 URL: /popup.html

[36m[9:03:10 PM] INFO    [0m Status: ❌ Step failed: Could not establish connection. Receiving end does not exist.
  📊 Data: { type: 'error' }
  🌐 URL: /popup.html

🚀 Starting LinkedIn publishing for: the-mechanical-duck-and-processes
🔧 Executing publishing step: navigate_to_editor
[36m[9:03:18 PM] INFO    [0m Starting LinkedIn publishing workflow
  🌐 URL: /popup.html

[36m[9:03:18 PM] INFO    [0m Status: Creating publishing plan...
  📊 Data: { type: 'info' }
  🌐 URL: /popup.html

[36m[9:03:18 PM] INFO    [0m Status: Publishing plan created with 4 steps. Starting...
  📊 Data: { type: 'success' }
  🌐 URL: /popup.html

[32m[9:03:18 PM] SUCCESS [0m Publishing plan created
  📊 Data: { article: 'The mechanical duck and processes', steps: 4 }
  🌐 URL: /popup.html

[36m[9:03:18 PM] INFO    [0m Executing step 1: Navigate to LinkedIn article editor
  🌐 URL: /popup.html

[36m[9:03:18 PM] INFO    [0m Status: Step 1/4: Navigate to LinkedIn article editor
  📊 Data: { type: 'info' }
  🌐 URL: /popup.html

[31m[9:03:18 PM] ERROR   [0m Error executing step navigate_to_editor
  📊 Data: {
  error: {
    name: 'Error',
    message: 'Could not establish connection. Receiving end does not exist.',
    stack: 'Error: Could not establish connection. Receiving end does not exist.'
  }
}
  🚨 Error: Could not establish connection. Receiving end does not exist.
  📍 Stack: Error: Could not establish connection. Receiving end does not exist.
  🌐 URL: /popup.html

[36m[9:03:18 PM] INFO    [0m Status: ❌ Step failed: Could not establish connection. Receiving end does not exist.
  📊 Data: { type: 'error' }
  🌐 URL: /popup.html

[36m[10:00:36 AM] INFO    [0m Logger initialized
  📊 Data: { sessionId: 'bosser-mg1x8waj-17fiv45y0' }
  🌐 URL: /jobs/view/4299981538/

[36m[5:23:45 PM] INFO    [0m Logger initialized
  📊 Data: { sessionId: 'bosser-mg3sinfl-cenzrvot7' }
  🌐 URL: /mynetwork

[36m[9:01:10 PM] INFO    [0m Logger initialized
  📊 Data: { sessionId: 'bosser-mgb5hi9r-at37j37nz' }
  🌐 URL: /feed/

[36m[7:51:28 PM] INFO    [0m Logger initialized
  📊 Data: { sessionId: 'bosser-mgcifqk8-mxgqzwhhe' }
  🌐 URL: /feed/

📝 Found 1 explicit draft(s): The mechanical duck and processes
📄 Served unpublished article: The mechanical duck and processes (Article marked as ready for review)
[36m[7:45:31 AM] INFO    [0m Logger initialized
  📊 Data: { sessionId: 'bosser-mgd7xzrw-ao9nuyva2' }
  🌐 URL: /popup.html

[36m[7:45:31 AM] INFO    [0m Popup initializing
  📊 Data: { timestamp: '2025-10-05T04:45:31.102Z' }
  🌐 URL: /popup.html

[36m[7:45:31 AM] INFO    [0m Version info updated
  📊 Data: { pluginVersion: '2.0.1', codeVersion: '3.0.0' }
  🌐 URL: /popup.html

[32m[7:45:31 AM] SUCCESS [0m Popup initialized successfully
  📊 Data: { pageType: 'linkedin_other', scrapedCount: 2 }
  🌐 URL: /popup.html

📝 Found 1 explicit draft(s): The mechanical duck and processes
📄 Served unpublished article: The mechanical duck and processes (Article marked as ready for review)
[36m[7:46:27 AM] INFO    [0m Logger initialized
  📊 Data: { sessionId: 'bosser-mgd7z7gt-er6m9w5ba' }
  🌐 URL: /popup.html

[36m[7:46:27 AM] INFO    [0m Popup initializing
  📊 Data: { timestamp: '2025-10-05T04:46:27.727Z' }
  🌐 URL: /popup.html

[36m[7:46:27 AM] INFO    [0m Version info updated
  📊 Data: { pluginVersion: '2.0.1', codeVersion: '3.0.0' }
  🌐 URL: /popup.html

[32m[7:46:27 AM] SUCCESS [0m Popup initialized successfully
  📊 Data: { pageType: 'linkedin_other', scrapedCount: 2 }
  🌐 URL: /popup.html

[36m[7:46:29 AM] INFO    [0m Loading latest draft from Bosser project
  🌐 URL: /popup.html

[36m[7:46:29 AM] INFO    [0m Status: Loading latest article from Bosser server...
  📊 Data: { type: 'info' }
  🌐 URL: /popup.html

[36m[7:46:29 AM] INFO    [0m Status: Latest article loaded successfully!
  📊 Data: { type: 'success' }
  🌐 URL: /popup.html

[32m[7:46:29 AM] SUCCESS [0m Article loaded from server
  📊 Data: {
  title: 'The mechanical duck and processes',
  contentLength: 4505,
  tags: [ 'processes', 'management', 'efficiency', 'automation' ],
  slug: 'the-mechanical-duck-and-processes',
  hasCover: true
}
  🌐 URL: /popup.html

🚀 Starting LinkedIn publishing for: the-mechanical-duck-and-processes
🔧 Executing publishing step: navigate_to_editor
[36m[7:46:33 AM] INFO    [0m Starting LinkedIn publishing workflow
  🌐 URL: /popup.html

[36m[7:46:33 AM] INFO    [0m Status: Creating publishing plan...
  📊 Data: { type: 'info' }
  🌐 URL: /popup.html

[36m[7:46:33 AM] INFO    [0m Status: Publishing plan created with 4 steps. Starting...
  📊 Data: { type: 'success' }
  🌐 URL: /popup.html

[32m[7:46:33 AM] SUCCESS [0m Publishing plan created
  📊 Data: { article: 'The mechanical duck and processes', steps: 4 }
  🌐 URL: /popup.html

[36m[7:46:33 AM] INFO    [0m Executing step 1: Navigate to LinkedIn article editor
  🌐 URL: /popup.html

[36m[7:46:33 AM] INFO    [0m Status: Step 1/4: Navigate to LinkedIn article editor
  📊 Data: { type: 'info' }
  🌐 URL: /popup.html

[31m[7:46:33 AM] ERROR   [0m Error executing step navigate_to_editor
  📊 Data: {
  error: {
    name: 'Error',
    message: 'Could not establish connection. Receiving end does not exist.',
    stack: 'Error: Could not establish connection. Receiving end does not exist.'
  }
}
  🚨 Error: Could not establish connection. Receiving end does not exist.
  📍 Stack: Error: Could not establish connection. Receiving end does not exist.
  🌐 URL: /popup.html

[36m[7:46:33 AM] INFO    [0m Status: ❌ Step failed: Could not establish connection. Receiving end does not exist.
  📊 Data: { type: 'error' }
  🌐 URL: /popup.html

[36m[7:46:43 AM] INFO    [0m Logger initialized
  📊 Data: { sessionId: 'bosser-mgd7zjg5-svxelzhm5' }
  🌐 URL: /feed/

[36m[7:46:43 AM] INFO    [0m Logger initialized
  📊 Data: { sessionId: 'bosser-mgd7zjpm-j9s1f8kkh' }
  🌐 URL: /popup.html

[36m[7:46:43 AM] INFO    [0m Popup initializing
  📊 Data: { timestamp: '2025-10-05T04:46:43.595Z' }
  🌐 URL: /popup.html

[36m[7:46:43 AM] INFO    [0m Version info updated
  📊 Data: { pluginVersion: '2.0.1', codeVersion: '3.0.0' }
  🌐 URL: /popup.html

[32m[7:46:43 AM] SUCCESS [0m Popup initialized successfully
  📊 Data: { pageType: 'linkedin_other', scrapedCount: 2 }
  🌐 URL: /popup.html

📝 Found 1 explicit draft(s): The mechanical duck and processes
📄 Served unpublished article: The mechanical duck and processes (Article marked as ready for review)
🚀 Starting LinkedIn publishing for: the-mechanical-duck-and-processes
🔧 Executing publishing step: navigate_to_editor
[36m[7:46:45 AM] INFO    [0m Loading latest draft from Bosser project
  🌐 URL: /popup.html

[36m[7:46:45 AM] INFO    [0m Status: Loading latest article from Bosser server...
  📊 Data: { type: 'info' }
  🌐 URL: /popup.html

[36m[7:46:45 AM] INFO    [0m Status: Latest article loaded successfully!
  📊 Data: { type: 'success' }
  🌐 URL: /popup.html

[32m[7:46:45 AM] SUCCESS [0m Article loaded from server
  📊 Data: {
  title: 'The mechanical duck and processes',
  contentLength: 4505,
  tags: [ 'processes', 'management', 'efficiency', 'automation' ],
  slug: 'the-mechanical-duck-and-processes',
  hasCover: true
}
  🌐 URL: /popup.html

[36m[7:46:47 AM] INFO    [0m Starting LinkedIn publishing workflow
  🌐 URL: /popup.html

[36m[7:46:47 AM] INFO    [0m Status: Creating publishing plan...
  📊 Data: { type: 'info' }
  🌐 URL: /popup.html

[36m[7:46:47 AM] INFO    [0m Status: Publishing plan created with 4 steps. Starting...
  📊 Data: { type: 'success' }
  🌐 URL: /popup.html

[32m[7:46:47 AM] SUCCESS [0m Publishing plan created
  📊 Data: { article: 'The mechanical duck and processes', steps: 4 }
  🌐 URL: /popup.html

[36m[7:46:47 AM] INFO    [0m Executing step 1: Navigate to LinkedIn article editor
  🌐 URL: /popup.html

[36m[7:46:47 AM] INFO    [0m Status: Step 1/4: Navigate to LinkedIn article editor
  📊 Data: { type: 'info' }
  🌐 URL: /popup.html

[31m[7:46:47 AM] ERROR   [0m Error executing step navigate_to_editor
  📊 Data: {
  error: {
    name: 'Error',
    message: `Code execution failed: Refused to evaluate a string as JavaScript because 'unsafe-eval' is not an allowed source of script in the following Content Security Policy directive: "script-src 'self' 'wasm-unsafe-eval' 'inline-speculation-rules' http://localhost:* http://127.0.0.1:* chrome-extension://30f5f3db-9d84-4d16-aafe-fae8d6912f9e/".\n`,
    stack: `Error: Code execution failed: Refused to evaluate a string as JavaScript because 'unsafe-eval' is not an allowed source of script in the following Content Security Policy directive: "script-src 'self' 'wasm-unsafe-eval' 'inline-speculation-rules' http://localhost:* http://127.0.0.1:* chrome-extension://30f5f3db-9d84-4d16-aafe-fae8d6912f9e/".\n` +
      '\n' +
      '    at BosserLinkedInPopup.executeNextPublishingStep (chrome-extension://cncljpnpiahclmolijhohegkaehaeoal/popup.js:346:27)\n' +
      '    at async BosserLinkedInPopup.startLinkedInPublishing (chrome-extension://cncljpnpiahclmolijhohegkaehaeoal/popup.js:275:17)'
  }
}
  🚨 Error: Code execution failed: Refused to evaluate a string as JavaScript because 'unsafe-eval' is not an allowed source of script in the following Content Security Policy directive: "script-src 'self' 'wasm-unsafe-eval' 'inline-speculation-rules' http://localhost:* http://127.0.0.1:* chrome-extension://30f5f3db-9d84-4d16-aafe-fae8d6912f9e/".

  📍 Stack: Error: Code execution failed: Refused to evaluate a string as JavaScript because 'unsafe-eval' is not an allowed source of script in the following Content Security Policy directive: "script-src 'self' 'wasm-unsafe-eval' 'inline-speculation-rules' http://localhost:* http://127.0.0.1:* chrome-extension://30f5f3db-9d84-4d16-aafe-fae8d6912f9e/".

    at BosserLinkedInPopup.executeNextPublishingStep (chrome-extension://cncljpnpiahclmolijhohegkaehaeoal/popup.js:346:27)
    at async BosserLinkedInPopup.startLinkedInPublishing (chrome-extension://cncljpnpiahclmolijhohegkaehaeoal/popup.js:275:17)
  🌐 URL: /popup.html

[31m[7:46:47 AM] ERROR   [0m Code execution failed in content script
  📊 Data: {
  error: {
    name: 'Error',
    message: `Code execution failed: Refused to evaluate a string as JavaScript because 'unsafe-eval' is not an allowed source of script in the following Content Security Policy directive: "script-src 'self' 'wasm-unsafe-eval' 'inline-speculation-rules' http://localhost:* http://127.0.0.1:* chrome-extension://30f5f3db-9d84-4d16-aafe-fae8d6912f9e/".\n`,
    stack: `Error: Code execution failed: Refused to evaluate a string as JavaScript because 'unsafe-eval' is not an allowed source of script in the following Content Security Policy directive: "script-src 'self' 'wasm-unsafe-eval' 'inline-speculation-rules' http://localhost:* http://127.0.0.1:* chrome-extension://30f5f3db-9d84-4d16-aafe-fae8d6912f9e/".\n` +
      '\n' +
      '    at BosserLinkedInContent.executeCodeFromServer (chrome-extension://cncljpnpiahclmolijhohegkaehaeoal/content.js:614:19)\n' +
      '    at BosserLinkedInContent.handleMessage (chrome-extension://cncljpnpiahclmolijhohegkaehaeoal/content.js:211:22)\n' +
      '    at chrome-extension://cncljpnpiahclmolijhohegkaehaeoal/content.js:25:18'
  }
}
  🚨 Error: Code execution failed: Refused to evaluate a string as JavaScript because 'unsafe-eval' is not an allowed source of script in the following Content Security Policy directive: "script-src 'self' 'wasm-unsafe-eval' 'inline-speculation-rules' http://localhost:* http://127.0.0.1:* chrome-extension://30f5f3db-9d84-4d16-aafe-fae8d6912f9e/".

  📍 Stack: Error: Code execution failed: Refused to evaluate a string as JavaScript because 'unsafe-eval' is not an allowed source of script in the following Content Security Policy directive: "script-src 'self' 'wasm-unsafe-eval' 'inline-speculation-rules' http://localhost:* http://127.0.0.1:* chrome-extension://30f5f3db-9d84-4d16-aafe-fae8d6912f9e/".

    at BosserLinkedInContent.executeCodeFromServer (chrome-extension://cncljpnpiahclmolijhohegkaehaeoal/content.js:614:19)
    at BosserLinkedInContent.handleMessage (chrome-extension://cncljpnpiahclmolijhohegkaehaeoal/content.js:211:22)
    at chrome-extension://cncljpnpiahclmolijhohegkaehaeoal/content.js:25:18
  🌐 URL: /feed/

[36m[7:46:47 AM] INFO    [0m Content script received executeCode request
  📊 Data: { step: 'navigate_to_editor' }
  🌐 URL: /feed/

[36m[7:46:47 AM] INFO    [0m Executing server code for step: navigate_to_editor
  🌐 URL: /feed/

[31m[7:46:47 AM] ERROR   [0m Failed to execute step navigate_to_editor
  📊 Data: {
  error: {
    name: 'EvalError',
    message: `Refused to evaluate a string as JavaScript because 'unsafe-eval' is not an allowed source of script in the following Content Security Policy directive: "script-src 'self' 'wasm-unsafe-eval' 'inline-speculation-rules' http://localhost:* http://127.0.0.1:* chrome-extension://30f5f3db-9d84-4d16-aafe-fae8d6912f9e/".\n`,
    stack: `EvalError: Refused to evaluate a string as JavaScript because 'unsafe-eval' is not an allowed source of script in the following Content Security Policy directive: "script-src 'self' 'wasm-unsafe-eval' 'inline-speculation-rules' http://localhost:* http://127.0.0.1:* chrome-extension://30f5f3db-9d84-4d16-aafe-fae8d6912f9e/".\n` +
      '\n' +
      '    at new Function (<anonymous>)\n' +
      '    at BosserLinkedInContent.executeCodeFromServer (chrome-extension://cncljpnpiahclmolijhohegkaehaeoal/content.js:605:37)\n' +
      '    at BosserLinkedInContent.handleMessage (chrome-extension://cncljpnpiahclmolijhohegkaehaeoal/content.js:211:22)\n' +
      '    at chrome-extension://cncljpnpiahclmolijhohegkaehaeoal/content.js:25:18'
  }
}
  🚨 Error: Refused to evaluate a string as JavaScript because 'unsafe-eval' is not an allowed source of script in the following Content Security Policy directive: "script-src 'self' 'wasm-unsafe-eval' 'inline-speculation-rules' http://localhost:* http://127.0.0.1:* chrome-extension://30f5f3db-9d84-4d16-aafe-fae8d6912f9e/".

  📍 Stack: EvalError: Refused to evaluate a string as JavaScript because 'unsafe-eval' is not an allowed source of script in the following Content Security Policy directive: "script-src 'self' 'wasm-unsafe-eval' 'inline-speculation-rules' http://localhost:* http://127.0.0.1:* chrome-extension://30f5f3db-9d84-4d16-aafe-fae8d6912f9e/".

    at new Function (<anonymous>)
    at BosserLinkedInContent.executeCodeFromServer (chrome-extension://cncljpnpiahclmolijhohegkaehaeoal/content.js:605:37)
    at BosserLinkedInContent.handleMessage (chrome-extension://cncljpnpiahclmolijhohegkaehaeoal/content.js:211:22)
    at chrome-extension://cncljpnpiahclmolijhohegkaehaeoal/content.js:25:18
  🌐 URL: /feed/

[36m[7:46:47 AM] INFO    [0m Status: ❌ Step failed: Code execution failed: Refused to evaluate a string as JavaScript because 'unsafe-eval' is not an allowed source of script in the following Content Security Policy directive: "script-src 'self' 'wasm-unsafe-eval' 'inline-speculation-rules' http://localhost:* http://127.0.0.1:* chrome-extension://30f5f3db-9d84-4d16-aafe-fae8d6912f9e/".

  📊 Data: { type: 'error' }
  🌐 URL: /popup.html

🚀 Starting LinkedIn publishing for: the-mechanical-duck-and-processes
🔧 Executing publishing step: navigate_to_editor
[36m[7:46:59 AM] INFO    [0m Starting LinkedIn publishing workflow
  🌐 URL: /popup.html

[36m[7:46:59 AM] INFO    [0m Status: Creating publishing plan...
  📊 Data: { type: 'info' }
  🌐 URL: /popup.html

[36m[7:46:59 AM] INFO    [0m Status: Publishing plan created with 4 steps. Starting...
  📊 Data: { type: 'success' }
  🌐 URL: /popup.html

[32m[7:46:59 AM] SUCCESS [0m Publishing plan created
  📊 Data: { article: 'The mechanical duck and processes', steps: 4 }
  🌐 URL: /popup.html

[36m[7:46:59 AM] INFO    [0m Executing step 1: Navigate to LinkedIn article editor
  🌐 URL: /popup.html

[36m[7:46:59 AM] INFO    [0m Status: Step 1/4: Navigate to LinkedIn article editor
  📊 Data: { type: 'info' }
  🌐 URL: /popup.html

[31m[7:46:59 AM] ERROR   [0m Error executing step navigate_to_editor
  📊 Data: {
  error: {
    name: 'Error',
    message: `Code execution failed: Refused to evaluate a string as JavaScript because 'unsafe-eval' is not an allowed source of script in the following Content Security Policy directive: "script-src 'self' 'wasm-unsafe-eval' 'inline-speculation-rules' http://localhost:* http://127.0.0.1:* chrome-extension://30f5f3db-9d84-4d16-aafe-fae8d6912f9e/".\n`,
    stack: `Error: Code execution failed: Refused to evaluate a string as JavaScript because 'unsafe-eval' is not an allowed source of script in the following Content Security Policy directive: "script-src 'self' 'wasm-unsafe-eval' 'inline-speculation-rules' http://localhost:* http://127.0.0.1:* chrome-extension://30f5f3db-9d84-4d16-aafe-fae8d6912f9e/".\n` +
      '\n' +
      '    at BosserLinkedInPopup.executeNextPublishingStep (chrome-extension://cncljpnpiahclmolijhohegkaehaeoal/popup.js:346:27)\n' +
      '    at async BosserLinkedInPopup.startLinkedInPublishing (chrome-extension://cncljpnpiahclmolijhohegkaehaeoal/popup.js:275:17)'
  }
}
  🚨 Error: Code execution failed: Refused to evaluate a string as JavaScript because 'unsafe-eval' is not an allowed source of script in the following Content Security Policy directive: "script-src 'self' 'wasm-unsafe-eval' 'inline-speculation-rules' http://localhost:* http://127.0.0.1:* chrome-extension://30f5f3db-9d84-4d16-aafe-fae8d6912f9e/".

  📍 Stack: Error: Code execution failed: Refused to evaluate a string as JavaScript because 'unsafe-eval' is not an allowed source of script in the following Content Security Policy directive: "script-src 'self' 'wasm-unsafe-eval' 'inline-speculation-rules' http://localhost:* http://127.0.0.1:* chrome-extension://30f5f3db-9d84-4d16-aafe-fae8d6912f9e/".

    at BosserLinkedInPopup.executeNextPublishingStep (chrome-extension://cncljpnpiahclmolijhohegkaehaeoal/popup.js:346:27)
    at async BosserLinkedInPopup.startLinkedInPublishing (chrome-extension://cncljpnpiahclmolijhohegkaehaeoal/popup.js:275:17)
  🌐 URL: /popup.html

[31m[7:46:59 AM] ERROR   [0m Code execution failed in content script
  📊 Data: {
  error: {
    name: 'Error',
    message: `Code execution failed: Refused to evaluate a string as JavaScript because 'unsafe-eval' is not an allowed source of script in the following Content Security Policy directive: "script-src 'self' 'wasm-unsafe-eval' 'inline-speculation-rules' http://localhost:* http://127.0.0.1:* chrome-extension://30f5f3db-9d84-4d16-aafe-fae8d6912f9e/".\n`,
    stack: `Error: Code execution failed: Refused to evaluate a string as JavaScript because 'unsafe-eval' is not an allowed source of script in the following Content Security Policy directive: "script-src 'self' 'wasm-unsafe-eval' 'inline-speculation-rules' http://localhost:* http://127.0.0.1:* chrome-extension://30f5f3db-9d84-4d16-aafe-fae8d6912f9e/".\n` +
      '\n' +
      '    at BosserLinkedInContent.executeCodeFromServer (chrome-extension://cncljpnpiahclmolijhohegkaehaeoal/content.js:614:19)\n' +
      '    at BosserLinkedInContent.handleMessage (chrome-extension://cncljpnpiahclmolijhohegkaehaeoal/content.js:211:22)\n' +
      '    at chrome-extension://cncljpnpiahclmolijhohegkaehaeoal/content.js:25:18'
  }
}
  🚨 Error: Code execution failed: Refused to evaluate a string as JavaScript because 'unsafe-eval' is not an allowed source of script in the following Content Security Policy directive: "script-src 'self' 'wasm-unsafe-eval' 'inline-speculation-rules' http://localhost:* http://127.0.0.1:* chrome-extension://30f5f3db-9d84-4d16-aafe-fae8d6912f9e/".

  📍 Stack: Error: Code execution failed: Refused to evaluate a string as JavaScript because 'unsafe-eval' is not an allowed source of script in the following Content Security Policy directive: "script-src 'self' 'wasm-unsafe-eval' 'inline-speculation-rules' http://localhost:* http://127.0.0.1:* chrome-extension://30f5f3db-9d84-4d16-aafe-fae8d6912f9e/".

    at BosserLinkedInContent.executeCodeFromServer (chrome-extension://cncljpnpiahclmolijhohegkaehaeoal/content.js:614:19)
    at BosserLinkedInContent.handleMessage (chrome-extension://cncljpnpiahclmolijhohegkaehaeoal/content.js:211:22)
    at chrome-extension://cncljpnpiahclmolijhohegkaehaeoal/content.js:25:18
  🌐 URL: /feed/

[36m[7:46:59 AM] INFO    [0m Content script received executeCode request
  📊 Data: { step: 'navigate_to_editor' }
  🌐 URL: /feed/

[36m[7:46:59 AM] INFO    [0m Executing server code for step: navigate_to_editor
  🌐 URL: /feed/

[31m[7:46:59 AM] ERROR   [0m Failed to execute step navigate_to_editor
  📊 Data: {
  error: {
    name: 'EvalError',
    message: `Refused to evaluate a string as JavaScript because 'unsafe-eval' is not an allowed source of script in the following Content Security Policy directive: "script-src 'self' 'wasm-unsafe-eval' 'inline-speculation-rules' http://localhost:* http://127.0.0.1:* chrome-extension://30f5f3db-9d84-4d16-aafe-fae8d6912f9e/".\n`,
    stack: `EvalError: Refused to evaluate a string as JavaScript because 'unsafe-eval' is not an allowed source of script in the following Content Security Policy directive: "script-src 'self' 'wasm-unsafe-eval' 'inline-speculation-rules' http://localhost:* http://127.0.0.1:* chrome-extension://30f5f3db-9d84-4d16-aafe-fae8d6912f9e/".\n` +
      '\n' +
      '    at new Function (<anonymous>)\n' +
      '    at BosserLinkedInContent.executeCodeFromServer (chrome-extension://cncljpnpiahclmolijhohegkaehaeoal/content.js:605:37)\n' +
      '    at BosserLinkedInContent.handleMessage (chrome-extension://cncljpnpiahclmolijhohegkaehaeoal/content.js:211:22)\n' +
      '    at chrome-extension://cncljpnpiahclmolijhohegkaehaeoal/content.js:25:18'
  }
}
  🚨 Error: Refused to evaluate a string as JavaScript because 'unsafe-eval' is not an allowed source of script in the following Content Security Policy directive: "script-src 'self' 'wasm-unsafe-eval' 'inline-speculation-rules' http://localhost:* http://127.0.0.1:* chrome-extension://30f5f3db-9d84-4d16-aafe-fae8d6912f9e/".

  📍 Stack: EvalError: Refused to evaluate a string as JavaScript because 'unsafe-eval' is not an allowed source of script in the following Content Security Policy directive: "script-src 'self' 'wasm-unsafe-eval' 'inline-speculation-rules' http://localhost:* http://127.0.0.1:* chrome-extension://30f5f3db-9d84-4d16-aafe-fae8d6912f9e/".

    at new Function (<anonymous>)
    at BosserLinkedInContent.executeCodeFromServer (chrome-extension://cncljpnpiahclmolijhohegkaehaeoal/content.js:605:37)
    at BosserLinkedInContent.handleMessage (chrome-extension://cncljpnpiahclmolijhohegkaehaeoal/content.js:211:22)
    at chrome-extension://cncljpnpiahclmolijhohegkaehaeoal/content.js:25:18
  🌐 URL: /feed/

[36m[7:46:59 AM] INFO    [0m Status: ❌ Step failed: Code execution failed: Refused to evaluate a string as JavaScript because 'unsafe-eval' is not an allowed source of script in the following Content Security Policy directive: "script-src 'self' 'wasm-unsafe-eval' 'inline-speculation-rules' http://localhost:* http://127.0.0.1:* chrome-extension://30f5f3db-9d84-4d16-aafe-fae8d6912f9e/".

  📊 Data: { type: 'error' }
  🌐 URL: /popup.html

📝 Found 1 explicit draft(s): The mechanical duck and processes
📄 Served unpublished article: The mechanical duck and processes (Article marked as ready for review)
[36m[7:50:20 AM] INFO    [0m Logger initialized
  📊 Data: { sessionId: 'bosser-mgd8478e-tj5p3a8ad' }
  🌐 URL: /feed/

[36m[7:50:20 AM] INFO    [0m Logger initialized
  📊 Data: { sessionId: 'bosser-mgd847ei-8dxxz71jr' }
  🌐 URL: /popup.html

[36m[7:50:20 AM] INFO    [0m Popup initializing
  📊 Data: { timestamp: '2025-10-05T04:50:20.923Z' }
  🌐 URL: /popup.html

[36m[7:50:20 AM] INFO    [0m Version info updated
  📊 Data: { pluginVersion: '2.0.3', codeVersion: '3.0.0' }
  🌐 URL: /popup.html

[32m[7:50:20 AM] SUCCESS [0m Popup initialized successfully
  📊 Data: { pageType: 'linkedin_other', scrapedCount: 2 }
  🌐 URL: /popup.html

[36m[7:50:22 AM] INFO    [0m Loading latest draft from Bosser project
  🌐 URL: /popup.html

[36m[7:50:22 AM] INFO    [0m Status: Loading latest article from Bosser server...
  📊 Data: { type: 'info' }
  🌐 URL: /popup.html

[36m[7:50:22 AM] INFO    [0m Status: Latest article loaded successfully!
  📊 Data: { type: 'success' }
  🌐 URL: /popup.html

[32m[7:50:22 AM] SUCCESS [0m Article loaded from server
  📊 Data: {
  title: 'The mechanical duck and processes',
  contentLength: 4505,
  tags: [ 'processes', 'management', 'efficiency', 'automation' ],
  slug: 'the-mechanical-duck-and-processes',
  hasCover: true
}
  🌐 URL: /popup.html

🚀 Starting LinkedIn publishing for: the-mechanical-duck-and-processes
🔧 Executing publishing step: navigate_to_editor
[36m[7:50:23 AM] INFO    [0m Starting LinkedIn publishing workflow
  🌐 URL: /popup.html

[36m[7:50:23 AM] INFO    [0m Status: Creating publishing plan...
  📊 Data: { type: 'info' }
  🌐 URL: /popup.html

[36m[7:50:23 AM] INFO    [0m Status: Publishing plan created with 4 steps. Starting...
  📊 Data: { type: 'success' }
  🌐 URL: /popup.html

[32m[7:50:23 AM] SUCCESS [0m Publishing plan created
  📊 Data: { article: 'The mechanical duck and processes', steps: 4 }
  🌐 URL: /popup.html

[36m[7:50:23 AM] INFO    [0m Executing step 1: Navigate to LinkedIn article editor
  🌐 URL: /popup.html

[36m[7:50:23 AM] INFO    [0m Status: Step 1/4: Navigate to LinkedIn article editor
  📊 Data: { type: 'info' }
  🌐 URL: /popup.html

[31m[7:50:23 AM] ERROR   [0m Error executing step navigate_to_editor
  📊 Data: {
  error: {
    name: 'Error',
    message: 'Could not establish connection. Receiving end does not exist.',
    stack: 'Error: Could not establish connection. Receiving end does not exist.'
  }
}
  🚨 Error: Could not establish connection. Receiving end does not exist.
  📍 Stack: Error: Could not establish connection. Receiving end does not exist.
  🌐 URL: /popup.html

[36m[7:50:23 AM] INFO    [0m Status: ❌ Step failed: Could not establish connection. Receiving end does not exist.
  📊 Data: { type: 'error' }
  🌐 URL: /popup.html

🚀 Starting LinkedIn publishing for: the-mechanical-duck-and-processes
🔧 Executing publishing step: navigate_to_editor
[36m[7:50:32 AM] INFO    [0m Starting LinkedIn publishing workflow
  🌐 URL: /popup.html

[36m[7:50:32 AM] INFO    [0m Status: Creating publishing plan...
  📊 Data: { type: 'info' }
  🌐 URL: /popup.html

[36m[7:50:32 AM] INFO    [0m Status: Publishing plan created with 4 steps. Starting...
  📊 Data: { type: 'success' }
  🌐 URL: /popup.html

[32m[7:50:32 AM] SUCCESS [0m Publishing plan created
  📊 Data: { article: 'The mechanical duck and processes', steps: 4 }
  🌐 URL: /popup.html

[36m[7:50:32 AM] INFO    [0m Executing step 1: Navigate to LinkedIn article editor
  🌐 URL: /popup.html

[36m[7:50:32 AM] INFO    [0m Status: Step 1/4: Navigate to LinkedIn article editor
  📊 Data: { type: 'info' }
  🌐 URL: /popup.html

[31m[7:50:32 AM] ERROR   [0m Error executing step navigate_to_editor
  📊 Data: {
  error: {
    name: 'Error',
    message: 'Could not establish connection. Receiving end does not exist.',
    stack: 'Error: Could not establish connection. Receiving end does not exist.'
  }
}
  🚨 Error: Could not establish connection. Receiving end does not exist.
  📍 Stack: Error: Could not establish connection. Receiving end does not exist.
  🌐 URL: /popup.html

[36m[7:50:32 AM] INFO    [0m Status: ❌ Step failed: Could not establish connection. Receiving end does not exist.
  📊 Data: { type: 'error' }
  🌐 URL: /popup.html

[36m[7:52:28 AM] INFO    [0m Logger initialized
  📊 Data: { sessionId: 'bosser-mgd86xs6-ds0rm22ku' }
  🌐 URL: /feed/

[36m[7:52:28 AM] INFO    [0m Logger initialized
  📊 Data: { sessionId: 'bosser-mgd86xym-g2zq5oe6i' }
  🌐 URL: /popup.html

[36m[7:52:28 AM] INFO    [0m Popup initializing
  📊 Data: { timestamp: '2025-10-05T04:52:28.658Z' }
  🌐 URL: /popup.html

[36m[7:52:28 AM] INFO    [0m Version info updated
  📊 Data: { pluginVersion: '2.0.4', codeVersion: '3.0.0' }
  🌐 URL: /popup.html

[32m[7:52:28 AM] SUCCESS [0m Popup initialized successfully
  📊 Data: { pageType: 'linkedin_other', scrapedCount: 2 }
  🌐 URL: /popup.html

📝 Found 1 explicit draft(s): The mechanical duck and processes
📄 Served unpublished article: The mechanical duck and processes (Article marked as ready for review)
🚀 Starting LinkedIn publishing for: the-mechanical-duck-and-processes
[36m[7:52:30 AM] INFO    [0m Loading latest draft from Bosser project
  🌐 URL: /popup.html

[36m[7:52:30 AM] INFO    [0m Status: Loading latest article from Bosser server...
  📊 Data: { type: 'info' }
  🌐 URL: /popup.html

[36m[7:52:30 AM] INFO    [0m Status: Latest article loaded successfully!
  📊 Data: { type: 'success' }
  🌐 URL: /popup.html

[32m[7:52:30 AM] SUCCESS [0m Article loaded from server
  📊 Data: {
  title: 'The mechanical duck and processes',
  contentLength: 4505,
  tags: [ 'processes', 'management', 'efficiency', 'automation' ],
  slug: 'the-mechanical-duck-and-processes',
  hasCover: true
}
  🌐 URL: /popup.html

[36m[7:52:32 AM] INFO    [0m Starting LinkedIn publishing workflow
  🌐 URL: /popup.html

[36m[7:52:32 AM] INFO    [0m Status: Creating publishing plan...
  📊 Data: { type: 'info' }
  🌐 URL: /popup.html

[36m[7:52:32 AM] INFO    [0m Status: Publishing plan created with 4 steps. Starting...
  📊 Data: { type: 'success' }
  🌐 URL: /popup.html

[32m[7:52:32 AM] SUCCESS [0m Publishing plan created
  📊 Data: { article: 'The mechanical duck and processes', steps: 4 }
  🌐 URL: /popup.html

[36m[7:52:32 AM] INFO    [0m Executing step 1: Navigate to LinkedIn article editor
  🌐 URL: /popup.html

[36m[7:52:32 AM] INFO    [0m Status: Step 1/4: Navigate to LinkedIn article editor
  📊 Data: { type: 'info' }
  🌐 URL: /popup.html

[31m[7:52:32 AM] ERROR   [0m Content script connection failed
  📊 Data: {
  error: {
    name: 'Error',
    message: 'Could not establish connection. Receiving end does not exist.',
    stack: 'Error: Could not establish connection. Receiving end does not exist.'
  }
}
  🚨 Error: Could not establish connection. Receiving end does not exist.
  📍 Stack: Error: Could not establish connection. Receiving end does not exist.
  🌐 URL: /popup.html

[31m[7:52:32 AM] ERROR   [0m Error executing step navigate_to_editor
  📊 Data: {
  error: {
    name: 'Error',
    message: 'Content script not loaded. Please refresh the LinkedIn page and reload the extension.',
    stack: 'Error: Content script not loaded. Please refresh the LinkedIn page and reload the extension.\n' +
      '    at BosserLinkedInPopup.executeNextPublishingStep (chrome-extension://cncljpnpiahclmolijhohegkaehaeoal/popup.js:326:23)\n' +
      '    at async BosserLinkedInPopup.startLinkedInPublishing (chrome-extension://cncljpnpiahclmolijhohegkaehaeoal/popup.js:280:17)'
  }
}
  🚨 Error: Content script not loaded. Please refresh the LinkedIn page and reload the extension.
  📍 Stack: Error: Content script not loaded. Please refresh the LinkedIn page and reload the extension.
    at BosserLinkedInPopup.executeNextPublishingStep (chrome-extension://cncljpnpiahclmolijhohegkaehaeoal/popup.js:326:23)
    at async BosserLinkedInPopup.startLinkedInPublishing (chrome-extension://cncljpnpiahclmolijhohegkaehaeoal/popup.js:280:17)
  🌐 URL: /popup.html

[36m[7:52:32 AM] INFO    [0m Status: ❌ Step failed: Content script not loaded. Please refresh the LinkedIn page and reload the extension.
  📊 Data: { type: 'error' }
  🌐 URL: /popup.html

📝 Found 1 explicit draft(s): The mechanical duck and processes
📄 Served unpublished article: The mechanical duck and processes (Article marked as ready for review)
[36m[7:52:43 AM] INFO    [0m Loading latest draft from Bosser project
  🌐 URL: /popup.html

[36m[7:52:43 AM] INFO    [0m Status: Loading latest article from Bosser server...
  📊 Data: { type: 'info' }
  🌐 URL: /popup.html

[36m[7:52:43 AM] INFO    [0m Status: Latest article loaded successfully!
  📊 Data: { type: 'success' }
  🌐 URL: /popup.html

[32m[7:52:43 AM] SUCCESS [0m Article loaded from server
  📊 Data: {
  title: 'The mechanical duck and processes',
  contentLength: 4505,
  tags: [ 'processes', 'management', 'efficiency', 'automation' ],
  slug: 'the-mechanical-duck-and-processes',
  hasCover: true
}
  🌐 URL: /popup.html

🚀 Starting LinkedIn publishing for: the-mechanical-duck-and-processes
[36m[7:52:47 AM] INFO    [0m Starting LinkedIn publishing workflow
  🌐 URL: /popup.html

[36m[7:52:47 AM] INFO    [0m Status: Creating publishing plan...
  📊 Data: { type: 'info' }
  🌐 URL: /popup.html

[36m[7:52:47 AM] INFO    [0m Status: Publishing plan created with 4 steps. Starting...
  📊 Data: { type: 'success' }
  🌐 URL: /popup.html

[32m[7:52:47 AM] SUCCESS [0m Publishing plan created
  📊 Data: { article: 'The mechanical duck and processes', steps: 4 }
  🌐 URL: /popup.html

[36m[7:52:47 AM] INFO    [0m Executing step 1: Navigate to LinkedIn article editor
  🌐 URL: /popup.html

[36m[7:52:47 AM] INFO    [0m Status: Step 1/4: Navigate to LinkedIn article editor
  📊 Data: { type: 'info' }
  🌐 URL: /popup.html

[31m[7:52:47 AM] ERROR   [0m Content script connection failed
  📊 Data: {
  error: {
    name: 'Error',
    message: 'Could not establish connection. Receiving end does not exist.',
    stack: 'Error: Could not establish connection. Receiving end does not exist.'
  }
}
  🚨 Error: Could not establish connection. Receiving end does not exist.
  📍 Stack: Error: Could not establish connection. Receiving end does not exist.
  🌐 URL: /popup.html

[31m[7:52:47 AM] ERROR   [0m Error executing step navigate_to_editor
  📊 Data: {
  error: {
    name: 'Error',
    message: 'Content script not loaded. Please refresh the LinkedIn page and reload the extension.',
    stack: 'Error: Content script not loaded. Please refresh the LinkedIn page and reload the extension.\n' +
      '    at BosserLinkedInPopup.executeNextPublishingStep (chrome-extension://cncljpnpiahclmolijhohegkaehaeoal/popup.js:326:23)\n' +
      '    at async BosserLinkedInPopup.startLinkedInPublishing (chrome-extension://cncljpnpiahclmolijhohegkaehaeoal/popup.js:280:17)'
  }
}
  🚨 Error: Content script not loaded. Please refresh the LinkedIn page and reload the extension.
  📍 Stack: Error: Content script not loaded. Please refresh the LinkedIn page and reload the extension.
    at BosserLinkedInPopup.executeNextPublishingStep (chrome-extension://cncljpnpiahclmolijhohegkaehaeoal/popup.js:326:23)
    at async BosserLinkedInPopup.startLinkedInPublishing (chrome-extension://cncljpnpiahclmolijhohegkaehaeoal/popup.js:280:17)
  🌐 URL: /popup.html

[36m[7:52:47 AM] INFO    [0m Status: ❌ Step failed: Content script not loaded. Please refresh the LinkedIn page and reload the extension.
  📊 Data: { type: 'error' }
  🌐 URL: /popup.html

[36m[7:53:14 AM] INFO    [0m Logger initialized
  📊 Data: { sessionId: 'bosser-mgd87x2c-9de1qa4or' }
  🌐 URL: /popup.html

[36m[7:53:14 AM] INFO    [0m Popup initializing
  📊 Data: { timestamp: '2025-10-05T04:53:14.150Z' }
  🌐 URL: /popup.html

[36m[7:53:14 AM] INFO    [0m Version info updated
  📊 Data: { pluginVersion: '2.0.4', codeVersion: '3.0.0' }
  🌐 URL: /popup.html

[32m[7:53:14 AM] SUCCESS [0m Popup initialized successfully
  📊 Data: { pageType: 'profile_articles', scrapedCount: 2 }
  🌐 URL: /popup.html

📝 Found 1 explicit draft(s): The mechanical duck and processes
📄 Served unpublished article: The mechanical duck and processes (Article marked as ready for review)
🚀 Starting LinkedIn publishing for: the-mechanical-duck-and-processes
[36m[7:53:25 AM] INFO    [0m Logger initialized
  📊 Data: { sessionId: 'bosser-mgd88628-7om754e1z' }
  🌐 URL: /popup.html

[36m[7:53:25 AM] INFO    [0m Popup initializing
  📊 Data: { timestamp: '2025-10-05T04:53:25.809Z' }
  🌐 URL: /popup.html

[36m[7:53:25 AM] INFO    [0m Version info updated
  📊 Data: { pluginVersion: '2.0.4', codeVersion: '3.0.0' }
  🌐 URL: /popup.html

[32m[7:53:25 AM] SUCCESS [0m Popup initialized successfully
  📊 Data: { pageType: 'linkedin_other', scrapedCount: 2 }
  🌐 URL: /popup.html

[36m[7:53:27 AM] INFO    [0m Loading latest draft from Bosser project
  🌐 URL: /popup.html

[36m[7:53:27 AM] INFO    [0m Status: Loading latest article from Bosser server...
  📊 Data: { type: 'info' }
  🌐 URL: /popup.html

[36m[7:53:27 AM] INFO    [0m Status: Latest article loaded successfully!
  📊 Data: { type: 'success' }
  🌐 URL: /popup.html

[32m[7:53:27 AM] SUCCESS [0m Article loaded from server
  📊 Data: {
  title: 'The mechanical duck and processes',
  contentLength: 4505,
  tags: [ 'processes', 'management', 'efficiency', 'automation' ],
  slug: 'the-mechanical-duck-and-processes',
  hasCover: true
}
  🌐 URL: /popup.html

[36m[7:53:27 AM] INFO    [0m Starting LinkedIn publishing workflow
  🌐 URL: /popup.html

[36m[7:53:27 AM] INFO    [0m Status: Creating publishing plan...
  📊 Data: { type: 'info' }
  🌐 URL: /popup.html

[36m[7:53:27 AM] INFO    [0m Status: Publishing plan created with 4 steps. Starting...
  📊 Data: { type: 'success' }
  🌐 URL: /popup.html

[32m[7:53:27 AM] SUCCESS [0m Publishing plan created
  📊 Data: { article: 'The mechanical duck and processes', steps: 4 }
  🌐 URL: /popup.html

[36m[7:53:27 AM] INFO    [0m Executing step 1: Navigate to LinkedIn article editor
  🌐 URL: /popup.html

[36m[7:53:27 AM] INFO    [0m Status: Step 1/4: Navigate to LinkedIn article editor
  📊 Data: { type: 'info' }
  🌐 URL: /popup.html

[31m[7:53:27 AM] ERROR   [0m Content script connection failed
  📊 Data: {
  error: {
    name: 'Error',
    message: 'Could not establish connection. Receiving end does not exist.',
    stack: 'Error: Could not establish connection. Receiving end does not exist.'
  }
}
  🚨 Error: Could not establish connection. Receiving end does not exist.
  📍 Stack: Error: Could not establish connection. Receiving end does not exist.
  🌐 URL: /popup.html

[31m[7:53:27 AM] ERROR   [0m Error executing step navigate_to_editor
  📊 Data: {
  error: {
    name: 'Error',
    message: 'Content script not loaded. Please refresh the LinkedIn page and reload the extension.',
    stack: 'Error: Content script not loaded. Please refresh the LinkedIn page and reload the extension.\n' +
      '    at BosserLinkedInPopup.executeNextPublishingStep (chrome-extension://cncljpnpiahclmolijhohegkaehaeoal/popup.js:326:23)\n' +
      '    at async BosserLinkedInPopup.startLinkedInPublishing (chrome-extension://cncljpnpiahclmolijhohegkaehaeoal/popup.js:280:17)'
  }
}
  🚨 Error: Content script not loaded. Please refresh the LinkedIn page and reload the extension.
  📍 Stack: Error: Content script not loaded. Please refresh the LinkedIn page and reload the extension.
    at BosserLinkedInPopup.executeNextPublishingStep (chrome-extension://cncljpnpiahclmolijhohegkaehaeoal/popup.js:326:23)
    at async BosserLinkedInPopup.startLinkedInPublishing (chrome-extension://cncljpnpiahclmolijhohegkaehaeoal/popup.js:280:17)
  🌐 URL: /popup.html

[36m[7:53:27 AM] INFO    [0m Status: ❌ Step failed: Content script not loaded. Please refresh the LinkedIn page and reload the extension.
  📊 Data: { type: 'error' }
  🌐 URL: /popup.html

[36m[7:53:45 AM] INFO    [0m Testing content script connection
  🌐 URL: /popup.html

[36m[7:53:45 AM] INFO    [0m Status: Testing content script connection...
  📊 Data: { type: 'info' }
  🌐 URL: /popup.html

[31m[7:53:45 AM] ERROR   [0m Content script connection test failed
  📊 Data: {
  error: {
    name: 'Error',
    message: 'Could not establish connection. Receiving end does not exist.',
    stack: 'Error: Could not establish connection. Receiving end does not exist.'
  }
}
  🚨 Error: Could not establish connection. Receiving end does not exist.
  📍 Stack: Error: Could not establish connection. Receiving end does not exist.
  🌐 URL: /popup.html

[36m[7:53:45 AM] INFO    [0m Status: ❌ Connection failed: Could not establish connection. Receiving end does not exist.
  📊 Data: { type: 'error' }
  🌐 URL: /popup.html

[36m[7:53:47 AM] INFO    [0m Status: Try: 1) Refresh LinkedIn page 2) Reload extension 3) Check if on linkedin.com
  📊 Data: { type: 'info' }
  🌐 URL: /popup.html

[36m[7:53:53 AM] INFO    [0m Testing content script connection
  🌐 URL: /popup.html

[36m[7:53:53 AM] INFO    [0m Status: Testing content script connection...
  📊 Data: { type: 'info' }
  🌐 URL: /popup.html

[31m[7:53:53 AM] ERROR   [0m Content script connection test failed
  📊 Data: {
  error: {
    name: 'Error',
    message: 'Could not establish connection. Receiving end does not exist.',
    stack: 'Error: Could not establish connection. Receiving end does not exist.'
  }
}
  🚨 Error: Could not establish connection. Receiving end does not exist.
  📍 Stack: Error: Could not establish connection. Receiving end does not exist.
  🌐 URL: /popup.html

[36m[7:53:53 AM] INFO    [0m Status: ❌ Connection failed: Could not establish connection. Receiving end does not exist.
  📊 Data: { type: 'error' }
  🌐 URL: /popup.html

[36m[7:53:55 AM] INFO    [0m Status: Try: 1) Refresh LinkedIn page 2) Reload extension 3) Check if on linkedin.com
  📊 Data: { type: 'info' }
  🌐 URL: /popup.html

[36m[7:54:45 AM] INFO    [0m Logger initialized
  📊 Data: { sessionId: 'bosser-mgd89vu3-y509dv6hs' }
  🌐 URL: /popup.html

[36m[7:54:45 AM] INFO    [0m Popup initializing
  📊 Data: { timestamp: '2025-10-05T04:54:45.868Z' }
  🌐 URL: /popup.html

[36m[7:54:45 AM] INFO    [0m Version info updated
  📊 Data: { pluginVersion: '2.0.5', codeVersion: '3.0.0' }
  🌐 URL: /popup.html

[32m[7:54:45 AM] SUCCESS [0m Popup initialized successfully
  📊 Data: { pageType: 'linkedin_other', scrapedCount: 2 }
  🌐 URL: /popup.html

📝 Found 1 explicit draft(s): The mechanical duck and processes
📄 Served unpublished article: The mechanical duck and processes (Article marked as ready for review)
[36m[7:54:49 AM] INFO    [0m Loading latest draft from Bosser project
  🌐 URL: /popup.html

[36m[7:54:49 AM] INFO    [0m Status: Loading latest article from Bosser server...
  📊 Data: { type: 'info' }
  🌐 URL: /popup.html

[36m[7:54:49 AM] INFO    [0m Status: Latest article loaded successfully!
  📊 Data: { type: 'success' }
  🌐 URL: /popup.html

[32m[7:54:49 AM] SUCCESS [0m Article loaded from server
  📊 Data: {
  title: 'The mechanical duck and processes',
  contentLength: 4505,
  tags: [ 'processes', 'management', 'efficiency', 'automation' ],
  slug: 'the-mechanical-duck-and-processes',
  hasCover: true
}
  🌐 URL: /popup.html

🚀 Starting LinkedIn publishing for: the-mechanical-duck-and-processes
🔧 Executing publishing step: navigate_to_editor
[36m[7:54:50 AM] INFO    [0m Starting LinkedIn publishing workflow
  🌐 URL: /popup.html

[36m[7:54:50 AM] INFO    [0m Status: Creating publishing plan...
  📊 Data: { type: 'info' }
  🌐 URL: /popup.html

[36m[7:54:50 AM] INFO    [0m Status: Publishing plan created with 4 steps. Starting...
  📊 Data: { type: 'success' }
  🌐 URL: /popup.html

[32m[7:54:50 AM] SUCCESS [0m Publishing plan created
  📊 Data: { article: 'The mechanical duck and processes', steps: 4 }
  🌐 URL: /popup.html

[36m[7:54:50 AM] INFO    [0m Executing step 1: Navigate to LinkedIn article editor
  🌐 URL: /popup.html

[36m[7:54:50 AM] INFO    [0m Status: Step 1/4: Navigate to LinkedIn article editor
  📊 Data: { type: 'info' }
  🌐 URL: /popup.html

[36m[7:54:50 AM] INFO    [0m Content script connection confirmed
  📊 Data: {
  url: 'https://www.linkedin.com/feed/',
  title: 'Feed | LinkedIn',
  type: 'test'
}
  🌐 URL: /popup.html

[31m[7:54:50 AM] ERROR   [0m Error executing step navigate_to_editor
  📊 Data: {
  error: {
    name: 'Error',
    message: 'Unknown action in test mode',
    stack: 'Error: Unknown action in test mode\n' +
      '    at BosserLinkedInPopup.executeNextPublishingStep (chrome-extension://cncljpnpiahclmolijhohegkaehaeoal/popup.js:368:27)\n' +
      '    at async BosserLinkedInPopup.startLinkedInPublishing (chrome-extension://cncljpnpiahclmolijhohegkaehaeoal/popup.js:280:17)'
  }
}
  🚨 Error: Unknown action in test mode
  📍 Stack: Error: Unknown action in test mode
    at BosserLinkedInPopup.executeNextPublishingStep (chrome-extension://cncljpnpiahclmolijhohegkaehaeoal/popup.js:368:27)
    at async BosserLinkedInPopup.startLinkedInPublishing (chrome-extension://cncljpnpiahclmolijhohegkaehaeoal/popup.js:280:17)
  🌐 URL: /popup.html

[36m[7:54:50 AM] INFO    [0m Status: ❌ Step failed: Unknown action in test mode
  📊 Data: { type: 'error' }
  🌐 URL: /popup.html

[36m[7:54:53 AM] INFO    [0m Testing content script connection
  🌐 URL: /popup.html

[36m[7:54:53 AM] INFO    [0m Status: Testing content script connection...
  📊 Data: { type: 'info' }
  🌐 URL: /popup.html

[36m[7:54:53 AM] INFO    [0m Status: ✅ Content script working!
  📊 Data: { type: 'success' }
  🌐 URL: /popup.html

[32m[7:54:53 AM] SUCCESS [0m Content script connection test passed
  📊 Data: {
  url: 'https://www.linkedin.com/feed/',
  type: 'test',
  title: 'Feed | LinkedIn'
}
  🌐 URL: /popup.html

🚀 Starting LinkedIn publishing for: the-mechanical-duck-and-processes
🔧 Executing publishing step: navigate_to_editor
[36m[7:55:00 AM] INFO    [0m Starting LinkedIn publishing workflow
  🌐 URL: /popup.html

[36m[7:55:00 AM] INFO    [0m Status: Creating publishing plan...
  📊 Data: { type: 'info' }
  🌐 URL: /popup.html

[36m[7:55:00 AM] INFO    [0m Status: Publishing plan created with 4 steps. Starting...
  📊 Data: { type: 'success' }
  🌐 URL: /popup.html

[32m[7:55:00 AM] SUCCESS [0m Publishing plan created
  📊 Data: { article: 'The mechanical duck and processes', steps: 4 }
  🌐 URL: /popup.html

[36m[7:55:00 AM] INFO    [0m Executing step 1: Navigate to LinkedIn article editor
  🌐 URL: /popup.html

[36m[7:55:00 AM] INFO    [0m Status: Step 1/4: Navigate to LinkedIn article editor
  📊 Data: { type: 'info' }
  🌐 URL: /popup.html

[36m[7:55:00 AM] INFO    [0m Content script connection confirmed
  📊 Data: {
  url: 'https://www.linkedin.com/feed/',
  title: 'Feed | LinkedIn',
  type: 'test'
}
  🌐 URL: /popup.html

[31m[7:55:00 AM] ERROR   [0m Error executing step navigate_to_editor
  📊 Data: {
  error: {
    name: 'Error',
    message: 'Unknown action in test mode',
    stack: 'Error: Unknown action in test mode\n' +
      '    at BosserLinkedInPopup.executeNextPublishingStep (chrome-extension://cncljpnpiahclmolijhohegkaehaeoal/popup.js:368:27)\n' +
      '    at async BosserLinkedInPopup.startLinkedInPublishing (chrome-extension://cncljpnpiahclmolijhohegkaehaeoal/popup.js:280:17)'
  }
}
  🚨 Error: Unknown action in test mode
  📍 Stack: Error: Unknown action in test mode
    at BosserLinkedInPopup.executeNextPublishingStep (chrome-extension://cncljpnpiahclmolijhohegkaehaeoal/popup.js:368:27)
    at async BosserLinkedInPopup.startLinkedInPublishing (chrome-extension://cncljpnpiahclmolijhohegkaehaeoal/popup.js:280:17)
  🌐 URL: /popup.html

[36m[7:55:00 AM] INFO    [0m Status: ❌ Step failed: Unknown action in test mode
  📊 Data: { type: 'error' }
  🌐 URL: /popup.html

